bbc: FixedArray (Tycon "inner") 256 is not a valid type for used in a fixed length array
